20
1
30
1.25
"Hello World!"
"Hello world"
a
c
1
true