Fatal error: exception Failure("illegal assignment bool = int in z = 100")