Fatal error: exception Failure("expecting 3 arguments in printTwo(1, 2)")