Fatal error: exception Failure("illegal binary operator char * int in y * x")