Fatal error: exception Failure("duplicate function printTwo")