Fatal error: exception Failure("unrecognized function sum")