Fatal error: exception Failure("duplicate formal b")